C:\Users\Smart\PycharmProjects\Artificial_reader\output_images\000001_page_1.png
C:\Users\Smart\PycharmProjects\Artificial_reader\output_images\box_files\000001_page_1.box
C:\Users\Smart\PycharmProjects\Artificial_reader\output_images\000001_page_2.png
C:\Users\Smart\PycharmProjects\Artificial_reader\output_images\box_files\000001_page_2.box
C:\Users\Smart\PycharmProjects\Artificial_reader\output_images\000001_page_3.png
C:\Users\Smart\PycharmProjects\Artificial_reader\output_images\box_files\000001_page_3.box
C:\Users\Smart\PycharmProjects\Artificial_reader\output_images\000001_page_4.png
C:\Users\Smart\PycharmProjects\Artificial_reader\output_images\box_files\000001_page_4.box
C:\Users\Smart\PycharmProjects\Artificial_reader\output_images\000002_page_1.png
C:\Users\Smart\PycharmProjects\Artificial_reader\output_images\box_files\000002_page_1.box
C:\Users\Smart\PycharmProjects\Artificial_reader\output_images\000002_page_2.png
C:\Users\Smart\PycharmProjects\Artificial_reader\output_images\box_files\000002_page_2.box
